// Jest Snapshot v1, https://goo.gl/fbAQLP

exports[`Parse RDMD Callouts allows nested callouts 1`] = `
Object {
  "children": Array [
    Object {
      "children": Array [
        Object {
          "checked": null,
          "children": Array [
            Object {
              "children": Array [
                Object {
                  "type": "text",
                  "value": "list item",
                },
              ],
              "type": "paragraph",
            },
            Object {
              "children": Array [
                Object {
                  "children": Array [
                    Object {
                      "type": "text",
                      "value": "Info Callout",
                    },
                  ],
                  "type": "paragraph",
                },
                Object {
                  "children": Array [
                    Object {
                      "type": "text",
                      "value": "Lorem ipsum dolor  sit amet consectetur adipisicing elit.",
                    },
                  ],
                  "type": "paragraph",
                },
              ],
              "data": Object {
                "hName": "rdme-callout",
                "hProperties": Object {
                  "icon": "‚ÑπÔ∏è",
                  "theme": "info",
                  "title": "Info Callout",
                  "value": "Lorem ipsum dolor  sit amet consectetur adipisicing elit.",
                },
              },
              "type": "rdme-callout",
            },
          ],
          "spread": false,
          "type": "listItem",
        },
      ],
      "ordered": false,
      "spread": false,
      "start": null,
      "type": "list",
    },
  ],
  "type": "root",
}
`;

exports[`Parse RDMD Callouts does not require a line break between the title and the body 1`] = `
Object {
  "children": Array [
    Object {
      "children": Array [
        Object {
          "children": Array [
            Object {
              "type": "text",
              "value": "Undocumented Behavior",
            },
          ],
          "type": "paragraph",
        },
        Object {
          "children": Array [
            Object {
              "type": "text",
              "value": "Lorem ipsum dolor  sit amet consectetur adipisicing elit.",
            },
          ],
          "type": "paragraph",
        },
      ],
      "data": Object {
        "hName": "rdme-callout",
        "hProperties": Object {
          "icon": "üíÅ",
          "theme": "default",
          "title": "Undocumented Behavior",
          "value": "Lorem ipsum dolor  sit amet consectetur adipisicing elit.",
        },
      },
      "type": "rdme-callout",
    },
  ],
  "type": "root",
}
`;

exports[`Parse RDMD Callouts edge cases does not allow trailing spaces after the icon with no title 1`] = `
Object {
  "children": Array [
    Object {
      "children": Array [
        Object {
          "children": Array [
            Object {
              "type": "text",
              "value": "Compact headings must be followed by two line breaks before the following block.",
            },
          ],
          "type": "paragraph",
        },
      ],
      "data": Object {
        "hName": "rdme-callout",
        "hProperties": Object {
          "icon": "üõë",
          "theme": "error",
          "title": "",
          "value": "Compact headings must be followed by two line breaks before the following block.",
        },
      },
      "type": "rdme-callout",
    },
  ],
  "type": "root",
}
`;

exports[`Parse RDMD Callouts edge cases renders html inside a callout 1`] = `
Object {
  "children": Array [
    Object {
      "children": Array [
        Object {
          "children": Array [
            Object {
              "type": "text",
              "value": "Info Callout",
            },
          ],
          "type": "paragraph",
        },
        Object {
          "children": Array [
            Object {
              "type": "html",
              "value": "<span>",
            },
            Object {
              "type": "text",
              "value": "With html!",
            },
            Object {
              "type": "html",
              "value": "</span>",
            },
          ],
          "type": "paragraph",
        },
      ],
      "data": Object {
        "hName": "rdme-callout",
        "hProperties": Object {
          "icon": "‚ÑπÔ∏è",
          "theme": "info",
          "title": "Info Callout",
          "value": "<span>With html!</span>",
        },
      },
      "type": "rdme-callout",
    },
  ],
  "type": "root",
}
`;

exports[`Parse RDMD Callouts parses a callout with no title 1`] = `
Object {
  "children": Array [
    Object {
      "children": Array [
        Object {
          "children": Array [
            Object {
              "type": "text",
              "value": "Lorem ipsum dolor  sit amet consectetur adipisicing elit.",
            },
          ],
          "type": "paragraph",
        },
      ],
      "data": Object {
        "hName": "rdme-callout",
        "hProperties": Object {
          "icon": "‚ÑπÔ∏è",
          "theme": "info",
          "title": "",
          "value": "Lorem ipsum dolor  sit amet consectetur adipisicing elit.",
        },
      },
      "type": "rdme-callout",
    },
  ],
  "type": "root",
}
`;

exports[`Parse RDMD Callouts renders an info callout 1`] = `
Object {
  "children": Array [
    Object {
      "children": Array [
        Object {
          "children": Array [
            Object {
              "type": "text",
              "value": "Info Callout",
            },
          ],
          "type": "paragraph",
        },
        Object {
          "children": Array [
            Object {
              "type": "text",
              "value": "Lorem ipsum dolor  sit amet consectetur adipisicing elit.",
            },
          ],
          "type": "paragraph",
        },
      ],
      "data": Object {
        "hName": "rdme-callout",
        "hProperties": Object {
          "icon": "‚ÑπÔ∏è",
          "theme": "info",
          "title": "Info Callout",
          "value": "Lorem ipsum dolor  sit amet consectetur adipisicing elit.",
        },
      },
      "type": "rdme-callout",
    },
  ],
  "type": "root",
}
`;

exports[`Parse RDMD Callouts requires a space between the icon and title 1`] = `
Object {
  "children": Array [
    Object {
      "children": Array [
        Object {
          "children": Array [
            Object {
              "type": "text",
              "value": "‚ÑπÔ∏èInfo Callout",
            },
          ],
          "type": "paragraph",
        },
        Object {
          "children": Array [
            Object {
              "type": "text",
              "value": "Lorem ipsum dolor  sit amet consectetur adipisicing elit.",
            },
          ],
          "type": "paragraph",
        },
      ],
      "type": "blockquote",
    },
  ],
  "type": "root",
}
`;

exports[`Parse RDMD Callouts supports a default theme 1`] = `
Object {
  "children": Array [
    Object {
      "children": Array [
        Object {
          "children": Array [
            Object {
              "type": "text",
              "value": "Themeless",
            },
          ],
          "type": "paragraph",
        },
        Object {
          "children": Array [
            Object {
              "type": "text",
              "value": "Lorem ipsum dolor sit amet consectetur adipisicing elit.",
            },
          ],
          "type": "paragraph",
        },
      ],
      "data": Object {
        "hName": "rdme-callout",
        "hProperties": Object {
          "icon": "ü•á",
          "theme": "default",
          "title": "Themeless",
          "value": "Lorem ipsum dolor sit amet consectetur adipisicing elit.",
        },
      },
      "type": "rdme-callout",
    },
  ],
  "type": "root",
}
`;

exports[`emoji modifier support render a callout for ‚ÄºÔ∏è 1`] = `
Object {
  "children": Array [
    Object {
      "children": Array [
        Object {
          "children": Array [
            Object {
              "type": "text",
              "value": "Lorem ipsum dolor sit amet consectetur adipisicing elit.",
            },
          ],
          "type": "paragraph",
        },
      ],
      "data": Object {
        "hName": "rdme-callout",
        "hProperties": Object {
          "icon": "‚ÄºÔ∏è",
          "theme": "error",
          "title": "",
          "value": "Lorem ipsum dolor sit amet consectetur adipisicing elit.",
        },
      },
      "type": "rdme-callout",
    },
  ],
  "type": "root",
}
`;

exports[`emoji modifier support render a callout for ‚ÅâÔ∏è 1`] = `
Object {
  "children": Array [
    Object {
      "children": Array [
        Object {
          "children": Array [
            Object {
              "type": "text",
              "value": "Lorem ipsum dolor sit amet consectetur adipisicing elit.",
            },
          ],
          "type": "paragraph",
        },
      ],
      "data": Object {
        "hName": "rdme-callout",
        "hProperties": Object {
          "icon": "‚ÅâÔ∏è",
          "theme": "error",
          "title": "",
          "value": "Lorem ipsum dolor sit amet consectetur adipisicing elit.",
        },
      },
      "type": "rdme-callout",
    },
  ],
  "type": "root",
}
`;

exports[`emoji modifier support render a callout for ‚ÑπÔ∏è 1`] = `
Object {
  "children": Array [
    Object {
      "children": Array [
        Object {
          "children": Array [
            Object {
              "type": "text",
              "value": "Lorem ipsum dolor sit amet consectetur adipisicing elit.",
            },
          ],
          "type": "paragraph",
        },
      ],
      "data": Object {
        "hName": "rdme-callout",
        "hProperties": Object {
          "icon": "‚ÑπÔ∏è",
          "theme": "info",
          "title": "",
          "value": "Lorem ipsum dolor sit amet consectetur adipisicing elit.",
        },
      },
      "type": "rdme-callout",
    },
  ],
  "type": "root",
}
`;

exports[`emoji modifier support render a callout for ‚ö† 1`] = `
Object {
  "children": Array [
    Object {
      "children": Array [
        Object {
          "children": Array [
            Object {
              "type": "text",
              "value": "Lorem ipsum dolor sit amet consectetur adipisicing elit.",
            },
          ],
          "type": "paragraph",
        },
      ],
      "data": Object {
        "hName": "rdme-callout",
        "hProperties": Object {
          "icon": "‚ö†",
          "theme": "warn",
          "title": "",
          "value": "Lorem ipsum dolor sit amet consectetur adipisicing elit.",
        },
      },
      "type": "rdme-callout",
    },
  ],
  "type": "root",
}
`;

exports[`emoji modifier support render a callout for ‚ö†Ô∏è 1`] = `
Object {
  "children": Array [
    Object {
      "children": Array [
        Object {
          "children": Array [
            Object {
              "type": "text",
              "value": "Lorem ipsum dolor sit amet consectetur adipisicing elit.",
            },
          ],
          "type": "paragraph",
        },
      ],
      "data": Object {
        "hName": "rdme-callout",
        "hProperties": Object {
          "icon": "‚ö†Ô∏è",
          "theme": "warn",
          "title": "",
          "value": "Lorem ipsum dolor sit amet consectetur adipisicing elit.",
        },
      },
      "type": "rdme-callout",
    },
  ],
  "type": "root",
}
`;

exports[`emoji modifier support render a callout for ‚úÖ 1`] = `
Object {
  "children": Array [
    Object {
      "children": Array [
        Object {
          "children": Array [
            Object {
              "type": "text",
              "value": "Lorem ipsum dolor sit amet consectetur adipisicing elit.",
            },
          ],
          "type": "paragraph",
        },
      ],
      "data": Object {
        "hName": "rdme-callout",
        "hProperties": Object {
          "icon": "‚úÖ",
          "theme": "okay",
          "title": "",
          "value": "Lorem ipsum dolor sit amet consectetur adipisicing elit.",
        },
      },
      "type": "rdme-callout",
    },
  ],
  "type": "root",
}
`;

exports[`emoji modifier support render a callout for ‚ùó 1`] = `
Object {
  "children": Array [
    Object {
      "children": Array [
        Object {
          "children": Array [
            Object {
              "type": "text",
              "value": "Lorem ipsum dolor sit amet consectetur adipisicing elit.",
            },
          ],
          "type": "paragraph",
        },
      ],
      "data": Object {
        "hName": "rdme-callout",
        "hProperties": Object {
          "icon": "‚ùó",
          "theme": "error",
          "title": "",
          "value": "Lorem ipsum dolor sit amet consectetur adipisicing elit.",
        },
      },
      "type": "rdme-callout",
    },
  ],
  "type": "root",
}
`;

exports[`emoji modifier support render a callout for ‚ùóÔ∏è 1`] = `
Object {
  "children": Array [
    Object {
      "children": Array [
        Object {
          "children": Array [
            Object {
              "type": "text",
              "value": "Lorem ipsum dolor sit amet consectetur adipisicing elit.",
            },
          ],
          "type": "paragraph",
        },
      ],
      "data": Object {
        "hName": "rdme-callout",
        "hProperties": Object {
          "icon": "‚ùóÔ∏è",
          "theme": "error",
          "title": "",
          "value": "Lorem ipsum dolor sit amet consectetur adipisicing elit.",
        },
      },
      "type": "rdme-callout",
    },
  ],
  "type": "root",
}
`;

exports[`emoji modifier support render a callout for üëç 1`] = `
Object {
  "children": Array [
    Object {
      "children": Array [
        Object {
          "children": Array [
            Object {
              "type": "text",
              "value": "Lorem ipsum dolor sit amet consectetur adipisicing elit.",
            },
          ],
          "type": "paragraph",
        },
      ],
      "data": Object {
        "hName": "rdme-callout",
        "hProperties": Object {
          "icon": "üëç",
          "theme": "okay",
          "title": "",
          "value": "Lorem ipsum dolor sit amet consectetur adipisicing elit.",
        },
      },
      "type": "rdme-callout",
    },
  ],
  "type": "root",
}
`;

exports[`emoji modifier support render a callout for üìò 1`] = `
Object {
  "children": Array [
    Object {
      "children": Array [
        Object {
          "children": Array [
            Object {
              "type": "text",
              "value": "Lorem ipsum dolor sit amet consectetur adipisicing elit.",
            },
          ],
          "type": "paragraph",
        },
      ],
      "data": Object {
        "hName": "rdme-callout",
        "hProperties": Object {
          "icon": "üìò",
          "theme": "info",
          "title": "",
          "value": "Lorem ipsum dolor sit amet consectetur adipisicing elit.",
        },
      },
      "type": "rdme-callout",
    },
  ],
  "type": "root",
}
`;

exports[`emoji modifier support render a callout for üöß 1`] = `
Object {
  "children": Array [
    Object {
      "children": Array [
        Object {
          "children": Array [
            Object {
              "type": "text",
              "value": "Lorem ipsum dolor sit amet consectetur adipisicing elit.",
            },
          ],
          "type": "paragraph",
        },
      ],
      "data": Object {
        "hName": "rdme-callout",
        "hProperties": Object {
          "icon": "üöß",
          "theme": "warn",
          "title": "",
          "value": "Lorem ipsum dolor sit amet consectetur adipisicing elit.",
        },
      },
      "type": "rdme-callout",
    },
  ],
  "type": "root",
}
`;

exports[`emoji modifier support render a callout for üõë 1`] = `
Object {
  "children": Array [
    Object {
      "children": Array [
        Object {
          "children": Array [
            Object {
              "type": "text",
              "value": "Lorem ipsum dolor sit amet consectetur adipisicing elit.",
            },
          ],
          "type": "paragraph",
        },
      ],
      "data": Object {
        "hName": "rdme-callout",
        "hProperties": Object {
          "icon": "üõë",
          "theme": "error",
          "title": "",
          "value": "Lorem ipsum dolor sit amet consectetur adipisicing elit.",
        },
      },
      "type": "rdme-callout",
    },
  ],
  "type": "root",
}
`;
