// Jest Snapshot v1, https://goo.gl/fbAQLP

exports[`Table of Contents includes two heading levels 1`] = `
"<nav><ul class=\\"toc-list\\"><li><a class=\\"tocHeader\\"><i class=\\"icon icon-text-align-left\\"></i>Table of Contents</a></li><li class=\\"toc-children\\"><ul>
<li>
<a href=\\"#heading-zed\\">Heading Zed</a>
<ul>
<li><a href=\\"#subheading-one\\">Subheading One</a></li>
</ul>
</li>
</ul></li></ul></nav>"
`;
