// Jest Snapshot v1, https://goo.gl/fbAQLP

exports[`Compile Mermaid blocks compiles a mermaid block 1`] = `
"\`\`\`mermaid-render-svg
graph LR
    A[Will it blend?] -> B[Yes]
\`\`\`
"
`;
