// Jest Snapshot v1, https://goo.gl/fbAQLP

exports[`table compiler converts to magic block syntax if there are breaks 1`] = `
"
[block:parameters]{\\"data\\":{\\"h-0\\":\\"th 1\\",\\"h-1\\":\\"th 2\\",\\"0-0\\":\\"cell 1  \\\\nextra line\\",\\"0-1\\":\\"cell 2\\"},\\"cols\\":2,\\"rows\\":1,\\"align\\":[\\"center\\",\\"center\\"]}[/block]
"
`;

exports[`table compiler saves to magic block syntax if there are breaks 1`] = `
"
[block:parameters]{\\"data\\":{\\"h-0\\":\\"th 1\\",\\"h-1\\":\\"th 2\\",\\"0-0\\":\\"cell 1  \\\\nextra line\\",\\"0-1\\":\\"cell 2\\"},\\"cols\\":2,\\"rows\\":1,\\"align\\":[\\"center\\",\\"center\\"]}[/block]
"
`;
