// Jest Snapshot v1, https://goo.gl/fbAQLP

exports[`Parse RDMD Syntax Code Blocks Single Code Block 1`] = `
Object {
  "children": Array [
    Object {
      "lang": "javascript",
      "meta": "single.js",
      "type": "code",
      "value": "console.log('a single-file code block');",
    },
  ],
  "type": "root",
}
`;

exports[`Parse RDMD Syntax Code Blocks Tabbed Code Block 1`] = `
Object {
  "children": Array [
    Object {
      "children": Array [
        Object {
          "className": "tab-panel",
          "data": Object {
            "hName": "code",
            "hProperties": Object {
              "lang": "javascript",
              "meta": "multiple.js",
            },
          },
          "lang": "javascript",
          "meta": "multiple.js",
          "type": "code",
          "value": "console.log('a multi-file code block');",
        },
        Object {
          "className": "tab-panel",
          "data": Object {
            "hName": "code",
            "hProperties": Object {
              "lang": "javascript",
              "meta": "",
            },
          },
          "lang": "javascript",
          "meta": "",
          "type": "code",
          "value": "console.log('an unnamed sample snippet');",
        },
      ],
      "className": "tabs",
      "data": Object {
        "hName": "code-tabs",
      },
      "type": "code-tabs",
    },
    Object {
      "children": Array [
        Object {
          "type": "text",
          "value": "Â ",
        },
      ],
      "type": "paragraph",
    },
  ],
  "type": "root",
}
`;

exports[`Parse RDMD Syntax Code Blocks allows indented code 1`] = `
Object {
  "children": Array [
    Object {
      "lang": null,
      "meta": null,
      "type": "code",
      "value": "  const shouldBeIndented = true;
  if (shouldBeIndented) pass();",
    },
  ],
  "type": "root",
}
`;

exports[`Parse RDMD Syntax Code Blocks parses indented code blocks 1`] = `
Object {
  "children": Array [
    Object {
      "lang": null,
      "meta": null,
      "type": "code",
      "value": "const shouldBeIndented = true;
if (shouldBeIndented) pass();",
    },
  ],
  "type": "root",
}
`;
